// Vitest Snapshot v1, https://vitest.dev/guide/snapshot.html

exports[`<Navbar /> > should match the snapshot 1`] = `
{
  "asFragment": [Function],
  "baseElement": <body>
    <div>
      <nav
        class="default-margin absolute flex w-full items-center justify-between"
      >
        <a
          href="/"
        >
          <img
            alt="Um logotipo que é letra F composta por figuras hexágonais."
            class="w-10"
            src="/logo.svg"
          />
        </a>
        <div
          class="flex flex-col md:flex-row md:gap-x-5"
        >
          <button
            class="text-right font-spaceGrotesk text-sm font-bold transition hover:text-shadow md:text-center md:text-base"
          >
            Sobre Mim
          </button>
          <button
            class="text-right font-spaceGrotesk text-sm font-bold transition hover:text-shadow md:text-center md:text-base"
          >
            Projetos
          </button>
          <button
            class="text-right font-spaceGrotesk text-sm font-bold transition hover:text-shadow md:text-center md:text-base"
          >
            Contato
          </button>
        </div>
      </nav>
    </div>
  </body>,
  "container": <div>
    <nav
      class="default-margin absolute flex w-full items-center justify-between"
    >
      <a
        href="/"
      >
        <img
          alt="Um logotipo que é letra F composta por figuras hexágonais."
          class="w-10"
          src="/logo.svg"
        />
      </a>
      <div
        class="flex flex-col md:flex-row md:gap-x-5"
      >
        <button
          class="text-right font-spaceGrotesk text-sm font-bold transition hover:text-shadow md:text-center md:text-base"
        >
          Sobre Mim
        </button>
        <button
          class="text-right font-spaceGrotesk text-sm font-bold transition hover:text-shadow md:text-center md:text-base"
        >
          Projetos
        </button>
        <button
          class="text-right font-spaceGrotesk text-sm font-bold transition hover:text-shadow md:text-center md:text-base"
        >
          Contato
        </button>
      </div>
    </nav>
  </div>,
  "debug": [Function],
  "findAllByAltText": [Function],
  "findAllByDisplayValue": [Function],
  "findAllByLabelText": [Function],
  "findAllByPlaceholderText": [Function],
  "findAllByRole": [Function],
  "findAllByTestId": [Function],
  "findAllByText": [Function],
  "findAllByTitle": [Function],
  "findByAltText": [Function],
  "findByDisplayValue": [Function],
  "findByLabelText": [Function],
  "findByPlaceholderText": [Function],
  "findByRole": [Function],
  "findByTestId": [Function],
  "findByText": [Function],
  "findByTitle": [Function],
  "getAllByAltText": [Function],
  "getAllByDisplayValue": [Function],
  "getAllByLabelText": [Function],
  "getAllByPlaceholderText": [Function],
  "getAllByRole": [Function],
  "getAllByTestId": [Function],
  "getAllByText": [Function],
  "getAllByTitle": [Function],
  "getByAltText": [Function],
  "getByDisplayValue": [Function],
  "getByLabelText": [Function],
  "getByPlaceholderText": [Function],
  "getByRole": [Function],
  "getByTestId": [Function],
  "getByText": [Function],
  "getByTitle": [Function],
  "queryAllByAltText": [Function],
  "queryAllByDisplayValue": [Function],
  "queryAllByLabelText": [Function],
  "queryAllByPlaceholderText": [Function],
  "queryAllByRole": [Function],
  "queryAllByTestId": [Function],
  "queryAllByText": [Function],
  "queryAllByTitle": [Function],
  "queryByAltText": [Function],
  "queryByDisplayValue": [Function],
  "queryByLabelText": [Function],
  "queryByPlaceholderText": [Function],
  "queryByRole": [Function],
  "queryByTestId": [Function],
  "queryByText": [Function],
  "queryByTitle": [Function],
  "rerender": [Function],
  "unmount": [Function],
}
`;
